// Jest Snapshot v1, https://goo.gl/fbAQLP

exports[`renders this UI as expected 1`] = `
<div
  className="App"
>
  <div
    className="participantList"
  >
    <div
      className="participant"
    >
      <img
        alt="Avatar Here but no Avatar, sucks"
        src="https://robohash.org/itaquevoluptatumrerum.jpg?size=200x200&set=set1"
      />
      <p>
        Koren Templeton
      </p>
      <p>
        
      </p>
      <p>
        On Stage
      </p>
    </div>
    <div
      className="participant"
    >
      <img
        alt="Avatar Here but no Avatar, sucks"
        src="https://robohash.org/doloredolorescupiditate.jpg?size=200x200&set=set1"
      />
      <p>
        Caty Flucker
      </p>
      <p>
        
      </p>
      <p>
        In Session
      </p>
    </div>
    <div
      className="participant"
    >
      <img
        alt="Avatar Here but no Avatar, sucks"
        src="https://robohash.org/etexercitationemassumenda.jpg?size=200x200&set=set1"
      />
      <p>
        Frank Runciman
      </p>
      <p>
        
      </p>
      <p>
        In Session
      </p>
    </div>
    <div
      className="participant"
    >
      <img
        alt="Avatar Here but no Avatar, sucks"
        src="https://robohash.org/iustodoloremqueinventore.jpg?size=200x200&set=set1"
      />
      <p>
        Ashla Attwool
      </p>
      <p>
        
      </p>
      <p>
        On Stage
      </p>
    </div>
  </div>
  <hr />
  <div
    className="chatEvents"
  >
    <p>
      6:50:46 AM
    </p>
    <div
      classNameName="chatItem"
    >
      <img
        alt="avatar here"
        className="chatAvatar"
        src="https://robohash.org/utlaborumfugit.jpg?size=200x200&set=set1"
      />
      <p
        className="participant"
      >
        Axe Kubicka
         
        <span
          className="time"
        >
          6:48:04 AM
        </span>
      </p>
      <p
        className="chatMessage"
      >
        Hello world
      </p>
    </div>
    <div
      classNameName="chatItem"
    >
      <img
        alt="avatar here"
        className="chatAvatar"
        src="https://robohash.org/doloredolorescupiditate.jpg?size=200x200&set=set1"
      />
      <p
        className="participant"
      >
        Caty Flucker
         
        <span
          className="time"
        >
          6:48:04 AM
        </span>
      </p>
      <p
        className="chatReaction"
      >
        Caty Flucker gave a thumbs up b
      </p>
    </div>
    <div
      classNameName="chatItem"
    >
      <img
        alt="avatar here"
        className="chatAvatar"
        src="https://robohash.org/etexercitationemassumenda.jpg?size=200x200&set=set1"
      />
      <p
        className="participant"
      >
        Frank Runciman
         
        <span
          className="time"
        >
          6:48:04 AM
        </span>
      </p>
      <p
        className="chatReaction"
      >
        Frank Runciman gave a thumbs down p
      </p>
    </div>
    <div
      classNameName="chatItem"
    >
      <img
        alt="avatar here"
        className="chatAvatar"
        src="https://robohash.org/itaquevoluptatumrerum.jpg?size=200x200&set=set1"
      />
      <p
        className="participant"
      >
        Koren Templeton
         
        <span
          className="time"
        >
          6:49:04 AM
        </span>
      </p>
      <p
        className="chatReaction"
      >
        Koren Templeton raised their hand o/
      </p>
    </div>
    <div
      classNameName="chatItem"
    >
      <img
        alt="avatar here"
        className="chatAvatar"
        src="https://robohash.org/itaquevoluptatumrerum.jpg?size=200x200&set=set1"
      />
      <p
        className="participant"
      >
        Koren Templeton
         
        <span
          className="time"
        >
          6:49:04 AM
        </span>
      </p>
      <p
        className="chatReaction"
      >
        Koren Templeton clapped /\\
      </p>
    </div>
    <div
      classNameName="chatItem"
    >
      <img
        alt="avatar here"
        className="chatAvatar"
        src="https://robohash.org/itaquevoluptatumrerum.jpg?size=200x200&set=set1"
      />
      <p
        className="participant"
      >
        Koren Templeton
         
        <span
          className="time"
        >
          6:49:04 AM
        </span>
      </p>
      <p
        className="chatReaction"
      >
        Koren Templeton joined
      </p>
    </div>
    <div
      classNameName="chatItem"
    >
      <img
        alt="avatar here"
        className="chatAvatar"
        src="https://robohash.org/iustodoloremqueinventore.jpg?size=200x200&set=set1"
      />
      <p
        className="participant"
      >
        Ashla Attwool
         
        <span
          className="time"
        >
          6:50:04 AM
        </span>
      </p>
      <p
        className="chatReaction"
      >
        Ashla Attwool left
      </p>
    </div>
    <div
      classNameName="chatItem"
    >
      <img
        alt="avatar here"
        className="chatAvatar"
        src="https://robohash.org/utlaborumfugit.jpg?size=200x200&set=set1"
      />
      <p
        className="participant"
      >
        Axe Kubicka
         
        <span
          className="time"
        >
          6:51:04 AM
        </span>
      </p>
      <p
        className="chatReaction"
      >
        Axe Kubicka joined the stage
      </p>
    </div>
    <div
      classNameName="chatItem"
    >
      <img
        alt="avatar here"
        className="chatAvatar"
        src="https://robohash.org/utlaborumfugit.jpg?size=200x200&set=set1"
      />
      <p
        className="participant"
      >
        Axe Kubicka
         
        <span
          className="time"
        >
          6:52:04 AM
        </span>
      </p>
      <p
        className="chatReaction"
      >
        Axe Kubicka left the stage
      </p>
    </div>
  </div>
  <hr />
  <div
    class="stage"
  >
    <div
      className="participant"
    >
      <img
        alt="Avatar Here but no Avatar, sucks"
        src="https://robohash.org/itaquevoluptatumrerum.jpg?size=200x200&set=set1"
      />
      <p>
        Koren Templeton
      </p>
      <p>
        
      </p>
      <p>
        On Stage
      </p>
    </div>
    <div
      className="participant"
    >
      <img
        alt="Avatar Here but no Avatar, sucks"
        src="https://robohash.org/iustodoloremqueinventore.jpg?size=200x200&set=set1"
      />
      <p>
        Ashla Attwool
      </p>
      <p>
        
      </p>
      <p>
        On Stage
      </p>
    </div>
  </div>
</div>
`;
